Reservation Date: 2025-04-11
Meal: breakfast
Guests: 2
Service ID: 1
Start Time: 1735813800
End Time: 1735813800
Total Tables: 10
Reserved Slots: Array
(
)

Available Slots: Array
(
    [0] => 07:30
    [1] => 07:45
    [2] => 08:00
    [3] => 08:15
    [4] => 08:30
    [5] => 08:45
    [6] => 09:00
    [7] => 09:15
    [8] => 09:30
    [9] => 09:45
    [10] => 10:00
    [11] => 10:15
)

Reservation Date: 2025-04-11
Meal: breakfast
Guests: 3
Service ID: 1
Start Time: 1735813800
End Time: 1735813800
Total Tables: 10
Reserved Slots: Array
(
)

Available Slots: Array
(
    [0] => 07:30
    [1] => 07:45
    [2] => 08:00
    [3] => 08:15
    [4] => 08:30
    [5] => 08:45
    [6] => 09:00
    [7] => 09:15
    [8] => 09:30
    [9] => 09:45
    [10] => 10:00
    [11] => 10:15
)

Reservation Date: 2025-04-11
Meal: breakfast
Guests: 3
Service ID: 1
Start Time: 1735813800
End Time: 1735813800
Total Tables: 10
Reserved Slots: Array
(
)

Available Slots: Array
(
    [0] => 07:30
    [1] => 07:45
    [2] => 08:00
    [3] => 08:15
    [4] => 08:30
    [5] => 08:45
    [6] => 09:00
    [7] => 09:15
    [8] => 09:30
    [9] => 09:45
    [10] => 10:00
    [11] => 10:15
)

Reserved Slots Query:
Array
(
)

Reservation Date: 2025-04-11
Meal: breakfast
Guests: 6
Service ID: 1
Start Time: 1735813800
End Time: 1735813800
Total Tables: 10
Reserved Slots: Array
(
)

Available Slots: Array
(
    [0] => 07:30
    [1] => 07:45
    [2] => 08:00
    [3] => 08:15
    [4] => 08:30
    [5] => 08:45
    [6] => 09:00
    [7] => 09:15
    [8] => 09:30
    [9] => 09:45
    [10] => 10:00
    [11] => 10:15
)

Reserved Slots Query:
Array
(
)

Reservation Date: 2025-04-11
Meal: breakfast
Guests: 6
Service ID: 1
Start Time: 1735813800
End Time: 1735813800
Total Tables: 10
Reserved Slots: Array
(
)

Available Slots: Array
(
    [0] => 07:30
    [1] => 07:45
    [2] => 08:00
    [3] => 08:15
    [4] => 08:30
    [5] => 08:45
    [6] => 09:00
    [7] => 09:15
    [8] => 09:30
    [9] => 09:45
    [10] => 10:00
    [11] => 10:15
)

Reserved Slots Query:
Array
(
)

Reservation Date: 2025-04-11
Meal: breakfast
Guests: 4
Service ID: 1
Start Time: 1735813800
End Time: 1735813800
Total Tables: 10
Reserved Slots: Array
(
)

Available Slots: Array
(
    [0] => 07:30
    [1] => 07:45
    [2] => 08:00
    [3] => 08:15
    [4] => 08:30
    [5] => 08:45
    [6] => 09:00
    [7] => 09:15
    [8] => 09:30
    [9] => 09:45
    [10] => 10:00
    [11] => 10:15
)

Reserved Slots Query:
Array
(
)

Reservation Date: 2025-04-11
Meal: breakfast
Guests: 4
Service ID: 1
Start Time: 1735813800
End Time: 1735813800
Total Tables: 10
Reserved Slots: Array
(
)

Available Slots: Array
(
    [0] => 07:30
    [1] => 07:45
    [2] => 08:00
    [3] => 08:15
    [4] => 08:30
    [5] => 08:45
    [6] => 09:00
    [7] => 09:15
    [8] => 09:30
    [9] => 09:45
    [10] => 10:00
    [11] => 10:15
)

