Reserved Slots:
Array
(
    [07:30:00] => 1
)
Reserved Slots:
Array
(
    [07:30:00] => 2
)
Reserved Slots:
Array
(
    [07:30:00] => 2
    [07:45:00] => 1
)
Reserved Slots:
Array
(
    [07:30:00] => 5
    [07:45:00] => 1
)
Reserved Slots:
Array
(
    [07:30:00] => 8
    [07:45:00] => 1
)
Reserved Slots:
Array
(
    [07:30:00] => 9
    [07:45:00] => 1
)
Reserved Slots:
Array
(
)
Reserved Slots:
Array
(
    [07:30:00] => 1
)
Reserved Slots:
Array
(
    [07:30:00] => 3
)
Reserved Slots:
Array
(
    [07:30:00] => 4
)
Reserved Slots:
Array
(
    [07:30:00] => 4
)
Reserved Slots:
Array
(
    [07:30:00] => 5
)
Reserved Slots:
Array
(
    [07:30:00] => 6
)
Reserved Slots:
Array
(
    [07:30:00] => 7
)
