Parameters: Date=2025-01-19, Meal=breakfast, Guests=2
Service Found: ID=19, Start=07:30:00, End=10:30:00, TotalTables=10
Reserved Slots: Array
(
    [07:30:00] => 1
)
Available Slots: Array
(
    [0] => 07:30
    [1] => 07:45
    [2] => 08:00
    [3] => 08:15
    [4] => 08:30
    [5] => 08:45
    [6] => 09:00
    [7] => 09:15
    [8] => 09:30
    [9] => 09:45
    [10] => 10:00
    [11] => 10:15
)
Parameters: Date=2025-01-19, Meal=breakfast, Guests=2
Service Found: ID=19, Start=07:30:00, End=10:30:00, TotalTables=10
Reserved Slots: Array
(
    [07:30:00] => 1
)
Available Slots: Array
(
    [0] => 07:30
    [1] => 07:45
    [2] => 08:00
    [3] => 08:15
    [4] => 08:30
    [5] => 08:45
    [6] => 09:00
    [7] => 09:15
    [8] => 09:30
    [9] => 09:45
    [10] => 10:00
    [11] => 10:15
)
Parameters: Date=2025-01-19, Meal=breakfast, Guests=2
Service Found: ID=19, Start=07:30:00, End=10:30:00, TotalTables=10
Reserved Slots: Array
(
    [07:30:00] => 1
)
Available Slots: Array
(
    [0] => 07:30
    [1] => 07:45
    [2] => 08:00
    [3] => 08:15
    [4] => 08:30
    [5] => 08:45
    [6] => 09:00
    [7] => 09:15
    [8] => 09:30
    [9] => 09:45
    [10] => 10:00
    [11] => 10:15
)
Parameters: Date=2025-01-19, Meal=breakfast, Guests=2
Service Found: ID=19, Start=07:30:00, End=10:30:00, TotalTables=10
Reserved Slots: Array
(
    [07:30:00] => 1
)
Available Slots: Array
(
    [0] => 07:30
    [1] => 07:45
    [2] => 08:00
    [3] => 08:15
    [4] => 08:30
    [5] => 08:45
    [6] => 09:00
    [7] => 09:15
    [8] => 09:30
    [9] => 09:45
    [10] => 10:00
    [11] => 10:15
)
